SENT BY: "Sarah's Scribbles: <author>" <user@rss2email.invalid>
MIME-Version: 1.0
Content-Type: text/html; charset="iso-8859-1"
Content-Transfer-Encoding: quoted-printable
From: "Sarah's Scribbles: <author>" <user@rss2email.invalid>
To: a@b.com
Subject: Hey friends! Wanted to pop in here and let you know that this...
Date: Thu, 15 Apr 2021 18:07:17 -0000
Message-ID: <...@dev.null.invalid>
User-Agent: rss2email/...
List-ID: <test.localhost>
List-Post: NO (posting not allowed on this list)
X-RSS-Feed: data/tumblr/feed.rss
X-RSS-ID: https://sarahcandersen.com/post/648554781524328448
X-RSS-URL: https://sarahcandersen.com/post/648554781524328448

<!DOCTYPE html>
<html>
  <head>
</head>
<body dir=3D"auto">
<div class=3D"entry" id=3D"entry">
<h1 class=3D"header"><a href=3D"https://sarahcandersen.com/post/64855478152=
4328448">Hey friends! Wanted to pop in here and let you know that this...</=
a></h1>
<div class=3D"body" id=3D"body">
<img src=3D"https://64.media.tumblr.com/09f36b3d6d020d01d5eddbeff25d0259/73=
67f4d913ff289a-73/s500x750/bcef8f7b0441400cbf4341a46fd24e600ebbd19b.jpg" />=
<br /> <br /><img src=3D"https://64.media.tumblr.com/6eb7277aade225493b3d24=
8bc477fe59/7367f4d913ff289a-34/s500x750/8b1b54fd0db1dc0148b01b16f050128c14c=
3eba1.jpg" /><br /> <br /><img src=3D"https://64.media.tumblr.com/c430ad716=
97ce9cd7c93af58f11e33c2/7367f4d913ff289a-ec/s500x750/0101346091963fc6a50d81=
11cdf60d67924d3e6e.jpg" /><br /> <br /><p>Hey friends! Wanted to pop in her=
e and let you know that this years calendars are now up for preorder. You c=
an check them <a href=3D"https://publishing.andrewsmcmeel.com/sarahs-scribb=
les-calendars/">out</a>=A0<br /></p>
</div>
<div class=3D"footer">
<p>URL: <a href=3D"https://sarahcandersen.com/post/648554781524328448">http=
s://sarahcandersen.com/post/648554781524328448</a></p>
</div>
</div>
</body>
</html>


SENT BY: "Sarah's Scribbles: <author>" <user@rss2email.invalid>
MIME-Version: 1.0
Content-Type: text/html; charset="utf-8"
Content-Transfer-Encoding: base64
From: "Sarah's Scribbles: <author>" <user@rss2email.invalid>
To: a@b.com
Subject: =?utf-8?q?FANGS_got_nominated_for_an_Eisner_Award!_To_say_I=E2=80=99m=2E=2E=2E?=
Date: Wed, 09 Jun 2021 17:19:58 -0000
Message-ID: <...@dev.null.invalid>
User-Agent: rss2email/...
List-ID: <test.localhost>
List-Post: NO (posting not allowed on this list)
X-RSS-Feed: data/tumblr/feed.rss
X-RSS-ID: https://sarahcandersen.com/post/653534637361070080
X-RSS-URL: https://sarahcandersen.com/post/653534637361070080

PCFET0NUWVBFIGh0bWw+CjxodG1sPgogIDxoZWFkPgo8L2hlYWQ+Cjxib2R5IGRpcj0iYXV0byI+
CjxkaXYgY2xhc3M9ImVudHJ5IiBpZD0iZW50cnkiPgo8aDEgY2xhc3M9ImhlYWRlciI+PGEgaHJl
Zj0iaHR0cHM6Ly9zYXJhaGNhbmRlcnNlbi5jb20vcG9zdC82NTM1MzQ2MzczNjEwNzAwODAiPkZB
TkdTIGdvdCBub21pbmF0ZWQgZm9yIGFuIEVpc25lciBBd2FyZCEgVG8gc2F5IEnigJltLi4uPC9h
PjwvaDE+CjxkaXYgY2xhc3M9ImJvZHkiIGlkPSJib2R5Ij4KPGltZyBzcmM9Imh0dHBzOi8vNjQu
bWVkaWEudHVtYmxyLmNvbS9lOTgyZGFmZmU0Y2JmNDg2ZDI1YjQwNmI3MmM3MmMwMC9mM2JiMTQ5
YmU4ZDMzZWI5LTZjL3M1MDB4NzUwL2NkMWZjNWIxODJiY2FlNTM1N2NhY2NlMDc4Njc3NDVkZTZm
ZGYyOTEuanBnIiAvPjxiciAvPjxiciAvPjxwPkZBTkdTIGdvdCBub21pbmF0ZWQgZm9yIGFuIEVp
c25lciBBd2FyZCEgVG8gc2F5IEnigJltIGZsb29yZWQgYnkgdGhpcyBpcyBhbiB1bmRlcnN0YXRl
bWVudOKApkkgbWF5IGhhdmUgc2hlZCBhIHRlYXIgb3IgdHdvLiBUaGFuayB5b3Ugc28gbXVjaCBh
bmQgY29uZ3JhdHMgdG8gdGhlIG90aGVyIG5vbWluZWVzITwvcD48cD5DaGVjayBvdXQgdGhlIGZ1
bGwgYW5ub3VuY2VtZW50IDxhIGhyZWY9Imh0dHBzOi8vd3d3LmNvbWljLWNvbi5vcmcvMjAyMS1l
aXNuZXItYXdhcmRzLW5vbWluYXRpb25zIj5oZXJlPC9hPi7CoDxiciAvPjwvcD4KPC9kaXY+Cjxk
aXYgY2xhc3M9ImZvb3RlciI+CjxwPlVSTDogPGEgaHJlZj0iaHR0cHM6Ly9zYXJhaGNhbmRlcnNl
bi5jb20vcG9zdC82NTM1MzQ2MzczNjEwNzAwODAiPmh0dHBzOi8vc2FyYWhjYW5kZXJzZW4uY29t
L3Bvc3QvNjUzNTM0NjM3MzYxMDcwMDgwPC9hPjwvcD4KPC9kaXY+CjwvZGl2Pgo8L2JvZHk+Cjwv
aHRtbD4K


SENT BY: "Sarah's Scribbles: <author>" <user@rss2email.invalid>
MIME-Version: 1.0
Content-Type: text/html; charset="utf-8"
Content-Transfer-Encoding: base64
From: "Sarah's Scribbles: <author>" <user@rss2email.invalid>
To: a@b.com
Subject: =?utf-8?q?2022_wall_calendar_is_out_today!_I=E2=80=99m_really_happy_with_the=2E=2E=2E?=
Date: Wed, 14 Jul 2021 16:53:20 -0000
Message-ID: <...@dev.null.invalid>
User-Agent: rss2email/...
List-ID: <test.localhost>
List-Post: NO (posting not allowed on this list)
X-RSS-Feed: data/tumblr/feed.rss
X-RSS-ID: https://sarahcandersen.com/post/656703855081455616
X-RSS-URL: https://sarahcandersen.com/post/656703855081455616

PCFET0NUWVBFIGh0bWw+CjxodG1sPgogIDxoZWFkPgo8L2hlYWQ+Cjxib2R5IGRpcj0iYXV0byI+
CjxkaXYgY2xhc3M9ImVudHJ5IiBpZD0iZW50cnkiPgo8aDEgY2xhc3M9ImhlYWRlciI+PGEgaHJl
Zj0iaHR0cHM6Ly9zYXJhaGNhbmRlcnNlbi5jb20vcG9zdC82NTY3MDM4NTUwODE0NTU2MTYiPjIw
MjIgd2FsbCBjYWxlbmRhciBpcyBvdXQgdG9kYXkhIEnigJltIHJlYWxseSBoYXBweSB3aXRoIHRo
ZS4uLjwvYT48L2gxPgo8ZGl2IGNsYXNzPSJib2R5IiBpZD0iYm9keSI+CjxpbWcgc3JjPSJodHRw
czovLzY0Lm1lZGlhLnR1bWJsci5jb20vZWQyNzI4MDIxNmUzNDI3YjVhYjgzNjQyYzdiOTJmYjEv
ZDFiMzU0MzkxMzBhNzY0Yi1hYS9zNTAweDc1MC85OWVhNDM1NjIyZmM3OTUxMjA5NjY1YWJkYmQ4
NTQ5MmE0ZTllMDY0LmpwZyIgLz48YnIgLz4gPGJyIC8+PGltZyBzcmM9Imh0dHBzOi8vNjQubWVk
aWEudHVtYmxyLmNvbS85ZGQ4MjZkY2IyYTViZGNjNTdmMzRiMWExNjc1ODYzNC9kMWIzNTQzOTEz
MGE3NjRiLWE1L3M1MDB4NzUwLzI3NmVkMzAwMWYzMmE2YjVkZDQ2YTQzMzRlMzdlMWM3ZDRiMDlh
NzMuanBnIiAvPjxiciAvPiA8YnIgLz48aW1nIHNyYz0iaHR0cHM6Ly82NC5tZWRpYS50dW1ibHIu
Y29tL2I5ZDI3NmI4YjE1MDQzNzEwNTk2MDZlYTc2YzZlMTI4L2QxYjM1NDM5MTMwYTc2NGItZDIv
czUwMHg3NTAvMmNkOTU1ZTJiNDRiYmI2MGVkZDE4YTczODU2OGRhYWJjNTZlMDMzZC5qcGciIC8+
PGJyIC8+IDxiciAvPjxpbWcgc3JjPSJodHRwczovLzY0Lm1lZGlhLnR1bWJsci5jb20vMjU2ODY3
ZjRmODBjYmUzMGJlNTkzZjdhZWY4NDg0ZWEvZDFiMzU0MzkxMzBhNzY0Yi1iNi9zNTAweDc1MC9k
M2E0NmFmZTU3NDRmN2Y3Nzk1Y2IxYjI4MDM2OWY4YWQ4ZjZmZGJiLmpwZyIgLz48YnIgLz4gPGJy
IC8+PHA+MjAyMiB3YWxsIGNhbGVuZGFyIGlzIG91dCB0b2RheSEgSeKAmW0gcmVhbGx5IGhhcHB5
IHdpdGggdGhlIGlsbHVzdHJhdGlvbnMgSSBtYWRlIGZvciBpdCBhbmQgYWxzbyBpdCBjb21lcyB3
aXRoIHN0aWNrZXJzLiBDaGVjayBpdCBvdXQgPGEgaHJlZj0iaHR0cHM6Ly9iaXQubHkvMlZ5UGxU
bSI+aGVyZTwvYT4uPGJyIC8+PC9wPgo8L2Rpdj4KPGRpdiBjbGFzcz0iZm9vdGVyIj4KPHA+VVJM
OiA8YSBocmVmPSJodHRwczovL3NhcmFoY2FuZGVyc2VuLmNvbS9wb3N0LzY1NjcwMzg1NTA4MTQ1
NTYxNiI+aHR0cHM6Ly9zYXJhaGNhbmRlcnNlbi5jb20vcG9zdC82NTY3MDM4NTUwODE0NTU2MTY8
L2E+PC9wPgo8L2Rpdj4KPC9kaXY+CjwvYm9keT4KPC9odG1sPgo=


SENT BY: "Sarah's Scribbles: <author>" <user@rss2email.invalid>
MIME-Version: 1.0
Content-Type: text/html; charset="us-ascii"
Content-Transfer-Encoding: 7bit
From: "Sarah's Scribbles: <author>" <user@rss2email.invalid>
To: a@b.com
Subject: Photo
Date: Sat, 18 Sep 2021 11:30:38 -0000
Message-ID: <...@dev.null.invalid>
User-Agent: rss2email/...
List-ID: <test.localhost>
List-Post: NO (posting not allowed on this list)
X-RSS-Feed: data/tumblr/feed.rss
X-RSS-ID: https://sarahcandersen.com/post/662662952386805760
X-RSS-URL: https://sarahcandersen.com/post/662662952386805760

<!DOCTYPE html>
<html>
  <head>
</head>
<body dir="auto">
<div class="entry" id="entry">
<h1 class="header"><a href="https://sarahcandersen.com/post/662662952386805760">Photo</a></h1>
<div class="body" id="body">
<img src="https://64.media.tumblr.com/eea6e6518c88da2fa256c513ad6e61e8/5bb47bef7cf90de7-cc/s500x750/d4fc00e2fcd9a1eef66bd33dd7a61377f936024a.jpg" /><br /><br />
</div>
<div class="footer">
<p>URL: <a href="https://sarahcandersen.com/post/662662952386805760">https://sarahcandersen.com/post/662662952386805760</a></p>
</div>
</div>
</body>
</html>


SENT BY: "Sarah's Scribbles: <author>" <user@rss2email.invalid>
MIME-Version: 1.0
Content-Type: text/html; charset="us-ascii"
Content-Transfer-Encoding: 7bit
From: "Sarah's Scribbles: <author>" <user@rss2email.invalid>
To: a@b.com
Subject: Photo
Date: Wed, 22 Sep 2021 11:30:22 -0000
Message-ID: <...@dev.null.invalid>
User-Agent: rss2email/...
List-ID: <test.localhost>
List-Post: NO (posting not allowed on this list)
X-RSS-Feed: data/tumblr/feed.rss
X-RSS-ID: https://sarahcandersen.com/post/663025324118900736
X-RSS-URL: https://sarahcandersen.com/post/663025324118900736
X-RSS-TAGS: LOL,comics,sarah andersen

<!DOCTYPE html>
<html>
  <head>
</head>
<body dir="auto">
<div class="entry" id="entry">
<h1 class="header"><a href="https://sarahcandersen.com/post/663025324118900736">Photo</a></h1>
<div class="body" id="body">
<img src="https://64.media.tumblr.com/49542cbefb2b0c59fad50d235f5b45c3/e03df912a585c223-96/s500x750/54d198f317229bf527bd8a93d73f5641d3f51bbc.jpg" /><br /><br />
</div>
<div class="footer">
<p>URL: <a href="https://sarahcandersen.com/post/663025324118900736">https://sarahcandersen.com/post/663025324118900736</a></p>
</div>
</div>
</body>
</html>


SENT BY: "Sarah's Scribbles: <author>" <user@rss2email.invalid>
MIME-Version: 1.0
Content-Type: text/html; charset="utf-8"
Content-Transfer-Encoding: base64
From: "Sarah's Scribbles: <author>" <user@rss2email.invalid>
To: a@b.com
Subject: I am so excited to announce the debut of my new series, Cryptid...
Date: Thu, 23 Sep 2021 16:02:38 -0000
Message-ID: <...@dev.null.invalid>
User-Agent: rss2email/...
List-ID: <test.localhost>
List-Post: NO (posting not allowed on this list)
X-RSS-Feed: data/tumblr/feed.rss
X-RSS-ID: https://sarahcandersen.com/post/663133050091290624
X-RSS-URL: https://sarahcandersen.com/post/663133050091290624

PCFET0NUWVBFIGh0bWw+CjxodG1sPgogIDxoZWFkPgo8L2hlYWQ+Cjxib2R5IGRpcj0iYXV0byI+
CjxkaXYgY2xhc3M9ImVudHJ5IiBpZD0iZW50cnkiPgo8aDEgY2xhc3M9ImhlYWRlciI+PGEgaHJl
Zj0iaHR0cHM6Ly9zYXJhaGNhbmRlcnNlbi5jb20vcG9zdC82NjMxMzMwNTAwOTEyOTA2MjQiPkkg
YW0gc28gZXhjaXRlZCB0byBhbm5vdW5jZSB0aGUgZGVidXQgb2YgbXkgbmV3IHNlcmllcywgQ3J5
cHRpZC4uLjwvYT48L2gxPgo8ZGl2IGNsYXNzPSJib2R5IiBpZD0iYm9keSI+CjxpbWcgc3JjPSJo
dHRwczovLzY0Lm1lZGlhLnR1bWJsci5jb20vOTRhMDU5YmM3M2JjNmRjYmNjY2I1N2M3YmQxOTJj
ZGIvOTdjMzhhNjVlY2ZjMjY0Yy04Yy9zNTAweDc1MC83YWRiMzBiZTliMzdlMmNhZmZlY2FjNzIw
MWI1MjQyNjNhNDg3OTgyLmpwZyIgLz48YnIgLz4gPGJyIC8+PGltZyBzcmM9Imh0dHBzOi8vNjQu
bWVkaWEudHVtYmxyLmNvbS80ODQwNzdmN2I3ZjhhYTdhNzJlMzEzZGYwMmFjNjllOC85N2MzOGE2
NWVjZmMyNjRjLTAyL3M1MDB4NzUwL2RiNzdmZjBhYjIwYzhiODg3ODQyMjg1MjRiYmNjNTdjMmZm
YTIxOTYuanBnIiAvPjxiciAvPiA8YnIgLz48aW1nIHNyYz0iaHR0cHM6Ly82NC5tZWRpYS50dW1i
bHIuY29tLzZmYjAxZTM4OGE2MTAzNzg5NTYwZDEwZTQ0YTQ0MDMzLzk3YzM4YTY1ZWNmYzI2NGMt
MGQvczUwMHg3NTAvMDlkNTlkYzkzOTFiZWFmY2ViNGZjMzJjMTlmODIwZWFhM2FiN2NlNi5qcGci
IC8+PGJyIC8+IDxiciAvPjxpbWcgc3JjPSJodHRwczovLzY0Lm1lZGlhLnR1bWJsci5jb20vM2M2
Mjg0NmRmNTgxNTMwNTRjNjFjMWFmZmZlNzJhZjcvOTdjMzhhNjVlY2ZjMjY0Yy05ZC9zNTAweDc1
MC85OWNkN2I1MmNjZmFiYzgwNGMwYTRiZTQ5N2FmZDliOWNjMWQ3Mzk2LmpwZyIgLz48YnIgLz4g
PGJyIC8+PGltZyBzcmM9Imh0dHBzOi8vNjQubWVkaWEudHVtYmxyLmNvbS8yYTkzZWFlNTRmMThj
NDZkMDA0ZmM2NmM3MDczZDVkNy85N2MzOGE2NWVjZmMyNjRjLTZiL3M1MDB4NzUwL2ZhNmNlNWE2
NzRlMDgxN2JmNDhkNmJmYzI2MmVhODAwMjM0NzhmMmQuanBnIiAvPjxiciAvPiA8YnIgLz48cD5J
IGFtIHNvIGV4Y2l0ZWQgdG8gYW5ub3VuY2UgdGhlIGRlYnV0IG9mIG15IG5ldyBzZXJpZXMsIENy
eXB0aWQgQ2x1YiEgRXZlciBzaW5jZSBJIHdhcyBhIGtpZCBJ4oCZdmUgbG92ZWQgdGhlIG15c3Rl
cnkgYW5kIGxvcmUgc3Vycm91bmRpbmcgdGhlc2UgY3JlYXR1cmVzIGFuZCB0aGlzIHdhcyBteSBj
aGFuY2UgdG8gZ2V0IHRvIGtub3cgdGhlbSBhIGJpdCBiZXR0ZXIuPGJyIC8+PC9wPjxwPkZpbmQg
dGhlIHNlcmllcyBhbGwgYWNyb3NzIHRoZSB3ZWIhPC9wPjxwPjxhIGhyZWY9Imh0dHBzOi8vdHdp
dHRlci5jb20vY2x1Yl9jcnlwdGlkIj5Ud2l0dGVyPC9hPjwvcD48cD48YSBocmVmPSJodHRwczov
L2luc3RhZ3JhbS5jb20vY2x1Yi5jcnlwdGlkLyI+SW5zdGFncmFtPC9hPjwvcD48cD48YSBocmVm
PSJodHRwczovL2ZhY2Vib29rLmNvbS9jbHViY3J5cHRpZCI+RmFjZWJvb2s8L2E+PC9wPjxwPjxh
IGhyZWY9Imh0dHBzOi8vdGFwYXMuaW8vc2VyaWVzL2NsdWJfY3J5cHRpZCI+VGFwYXN0aWM8L2E+
PC9wPjxwPjxhIGhyZWY9Imh0dHBzOi8vYml0Lmx5LzN1OXZETG8iPldlYnRvb248L2E+PC9wPjxw
PjxhIGhyZWY9Imh0dHBzOi8vY2x1Yi1jcnlwdGlkLWJ5LXNhcmFoLnR1bWJsci5jb20vIj5UdW1i
bHI8L2E+PC9wPjxwPlVwZGF0ZXMgZXZlcnkgVHVlc2RheSBhbmQgVGh1cnNkYXkhPC9wPgo8L2Rp
dj4KPGRpdiBjbGFzcz0iZm9vdGVyIj4KPHA+VVJMOiA8YSBocmVmPSJodHRwczovL3NhcmFoY2Fu
ZGVyc2VuLmNvbS9wb3N0LzY2MzEzMzA1MDA5MTI5MDYyNCI+aHR0cHM6Ly9zYXJhaGNhbmRlcnNl
bi5jb20vcG9zdC82NjMxMzMwNTAwOTEyOTA2MjQ8L2E+PC9wPgo8L2Rpdj4KPC9kaXY+CjwvYm9k
eT4KPC9odG1sPgo=


SENT BY: "Sarah's Scribbles: <author>" <user@rss2email.invalid>
MIME-Version: 1.0
Content-Type: text/html; charset="us-ascii"
Content-Transfer-Encoding: 7bit
From: "Sarah's Scribbles: <author>" <user@rss2email.invalid>
To: a@b.com
Subject: Photo
Date: Sat, 25 Sep 2021 14:30:57 -0000
Message-ID: <...@dev.null.invalid>
User-Agent: rss2email/...
List-ID: <test.localhost>
List-Post: NO (posting not allowed on this list)
X-RSS-Feed: data/tumblr/feed.rss
X-RSS-ID: https://sarahcandersen.com/post/663308476291907584
X-RSS-URL: https://sarahcandersen.com/post/663308476291907584

<!DOCTYPE html>
<html>
  <head>
</head>
<body dir="auto">
<div class="entry" id="entry">
<h1 class="header"><a href="https://sarahcandersen.com/post/663308476291907584">Photo</a></h1>
<div class="body" id="body">
<img src="https://64.media.tumblr.com/6f0782b49e3ce6dd143caaf973d053b8/1bfee32afa63186e-39/s500x750/1f4801f657c16fc958be2ab27e569e51456d30a6.jpg" /><br /><br />
</div>
<div class="footer">
<p>URL: <a href="https://sarahcandersen.com/post/663308476291907584">https://sarahcandersen.com/post/663308476291907584</a></p>
</div>
</div>
</body>
</html>


SENT BY: "Sarah's Scribbles: <author>" <user@rss2email.invalid>
MIME-Version: 1.0
Content-Type: text/html; charset="us-ascii"
Content-Transfer-Encoding: 7bit
From: "Sarah's Scribbles: <author>" <user@rss2email.invalid>
To: a@b.com
Subject: Photo
Date: Wed, 29 Sep 2021 14:31:00 -0000
Message-ID: <...@dev.null.invalid>
User-Agent: rss2email/...
List-ID: <test.localhost>
List-Post: NO (posting not allowed on this list)
X-RSS-Feed: data/tumblr/feed.rss
X-RSS-ID: https://sarahcandersen.com/post/663670867382910977
X-RSS-URL: https://sarahcandersen.com/post/663670867382910977
X-RSS-TAGS: LOL,comics,Sarah Andersen

<!DOCTYPE html>
<html>
  <head>
</head>
<body dir="auto">
<div class="entry" id="entry">
<h1 class="header"><a href="https://sarahcandersen.com/post/663670867382910977">Photo</a></h1>
<div class="body" id="body">
<img src="https://64.media.tumblr.com/d6f39deaf7bec19e59c7dd0b2d82dd3d/8550196deb68ac6b-4a/s500x750/230c3cbbeba6657a4b64818ea39653111f3aaa01.jpg" /><br /><br />
</div>
<div class="footer">
<p>URL: <a href="https://sarahcandersen.com/post/663670867382910977">https://sarahcandersen.com/post/663670867382910977</a></p>
</div>
</div>
</body>
</html>


SENT BY: "Sarah's Scribbles: <author>" <user@rss2email.invalid>
MIME-Version: 1.0
Content-Type: text/html; charset="us-ascii"
Content-Transfer-Encoding: 7bit
From: "Sarah's Scribbles: <author>" <user@rss2email.invalid>
To: a@b.com
Subject: Photo
Date: Sat, 02 Oct 2021 14:30:41 -0000
Message-ID: <...@dev.null.invalid>
User-Agent: rss2email/...
List-ID: <test.localhost>
List-Post: NO (posting not allowed on this list)
X-RSS-Feed: data/tumblr/feed.rss
X-RSS-ID: https://sarahcandersen.com/post/663942638206124033
X-RSS-URL: https://sarahcandersen.com/post/663942638206124033

<!DOCTYPE html>
<html>
  <head>
</head>
<body dir="auto">
<div class="entry" id="entry">
<h1 class="header"><a href="https://sarahcandersen.com/post/663942638206124033">Photo</a></h1>
<div class="body" id="body">
<img src="https://64.media.tumblr.com/b8cd168658a9cfe1a19da03ba4503c9d/2ee8684584dccae6-c5/s500x750/68a2d59545337248000b4ea26a0a53a2c3aedb0e.jpg" /><br /><br />
</div>
<div class="footer">
<p>URL: <a href="https://sarahcandersen.com/post/663942638206124033">https://sarahcandersen.com/post/663942638206124033</a></p>
</div>
</div>
</body>
</html>


SENT BY: "Sarah's Scribbles: <author>" <user@rss2email.invalid>
MIME-Version: 1.0
Content-Type: text/html; charset="utf-8"
Content-Transfer-Encoding: base64
From: "Sarah's Scribbles: <author>" <user@rss2email.invalid>
To: a@b.com
Subject: Hi friends!I am so happy to announce that my latest book,...
Date: Mon, 04 Oct 2021 11:30:44 -0000
Message-ID: <...@dev.null.invalid>
User-Agent: rss2email/...
List-ID: <test.localhost>
List-Post: NO (posting not allowed on this list)
X-RSS-Feed: data/tumblr/feed.rss
X-RSS-ID: https://sarahcandersen.com/post/664112510998396928
X-RSS-URL: https://sarahcandersen.com/post/664112510998396928

PCFET0NUWVBFIGh0bWw+CjxodG1sPgogIDxoZWFkPgo8L2hlYWQ+Cjxib2R5IGRpcj0iYXV0byI+
CjxkaXYgY2xhc3M9ImVudHJ5IiBpZD0iZW50cnkiPgo8aDEgY2xhc3M9ImhlYWRlciI+PGEgaHJl
Zj0iaHR0cHM6Ly9zYXJhaGNhbmRlcnNlbi5jb20vcG9zdC82NjQxMTI1MTA5OTgzOTY5MjgiPkhp
IGZyaWVuZHMhSSBhbSBzbyBoYXBweSB0byBhbm5vdW5jZSB0aGF0IG15IGxhdGVzdCBib29rLC4u
LjwvYT48L2gxPgo8ZGl2IGNsYXNzPSJib2R5IiBpZD0iYm9keSI+CjxpbWcgc3JjPSJodHRwczov
LzY0Lm1lZGlhLnR1bWJsci5jb20vMzQ5ODJjZTIwYzczZjAxMmZhOGRiYjk1NDg0MmRhMDUvOGQw
MWEwMzUxODIyZTkyZC0yZC9zNTAweDc1MC9mYzk5ZTMzZTY2ZTFhMjRhZDY1MTJlNDc2ODMwNjFh
MmM2NTc4NjEzLmdpZnYiIC8+PGJyIC8+IDxiciAvPjxpbWcgc3JjPSJodHRwczovLzY0Lm1lZGlh
LnR1bWJsci5jb20vOWJiNGJjYTNmNjNkOTM3NGMyNjY3YWFkOTlmYjA0YTMvOGQwMWEwMzUxODIy
ZTkyZC04Yy9zNTAweDc1MC8wNWU2MWI3ZGFkNGQ1MmM1MmM2OTAwMmYwMDk5ZDJkZTM1ZDMzNzA2
LmpwZyIgLz48YnIgLz4gPGJyIC8+PGltZyBzcmM9Imh0dHBzOi8vNjQubWVkaWEudHVtYmxyLmNv
bS9iMzA2MDVkYjhjMTM5YjE3MmUxNzY1ZjcyOWVlMmQyMi84ZDAxYTAzNTE4MjJlOTJkLTQ0L3M1
MDB4NzUwLzRmZWNiZThlZjI4NTE1NDlkOTgwN2YwNGEzOTI3MGZiNWZiODA2YTcuanBnIiAvPjxi
ciAvPiA8YnIgLz48aW1nIHNyYz0iaHR0cHM6Ly82NC5tZWRpYS50dW1ibHIuY29tLzliYTAxZjI1
ODFjMWFiYjVkYzIxMDUwNDMzNDU2Nzg2LzhkMDFhMDM1MTgyMmU5MmQtMGIvczUwMHg3NTAvZGE2
ZTRiYjNkNTAwODhhOTRhNGM1MjRjZTU5NjdjMDVmMjBjYjJkMy5qcGciIC8+PGJyIC8+IDxiciAv
PjxwPkhpIGZyaWVuZHMhPC9wPjxwPkkgYW0gc28gaGFwcHkgdG8gYW5ub3VuY2UgdGhhdCBteSBs
YXRlc3QgYm9vaywg4oCcT2RkYmFsbOKAnSwgaXMgb3V0IGZvciBwcmVvcmRlciB0b2RheS4gVGhl
IG9mZmljaWFsIHJlbGVhc2UgZGF0ZSBpcyBOb3ZlbWJlciAzMHRoLiBDaGVjayBpdCBvdXQgPGEg
aHJlZj0iaHR0cHM6Ly9wdWJsaXNoaW5nLmFuZHJld3NtY21lZWwuY29tL2Jvb2svb2RkYmFsbC8i
PmhlcmU8L2E+ITwvcD48cD5UaGlzIGlzIHRoZSBmb3VydGggU2FyYWjigJlzIFNjcmliYmxlcyBi
b29rLCBhbmQgd2l0aCB0aGlzIGNvbGxlY3Rpb24gSSByZXR1cm4gdG8gdGhlIG9yaWdpbmFsIGZv
cm1hdCBvZiBteSBmaXJzdCBib29rLCDigJxBZHVsdGhvb2QgaXMgYSBNeXRo4oCdLiBUaGF0IG1l
YW5zIHRoYXQgdGhpcyBib29rIGlzIG1hZGUgdXAgZW50aXJlbHkgb2Ygc2hvcnQgZm9ybSBjb21p
Y3MuIOKAnE9kZGJhbGzigJ0gZXhwbG9yZXMgdGhlIHN0cmFuZ2U7IEkgd29ya2VkIHdpdGggY2hh
cmFjdGVycyBsaWtlIE1lZHVzYSwgRHJhY3VsYSwgYW5kIGV2ZW4gYmlibGljYWxseSBhY2N1cmF0
ZSBhbmdlbHMgdG8gdGVsbCBqb2tlcyBpbiBhIG5ldyBsaWdodCB3aXRoaW4gdGhlIFNhcmFo4oCZ
cyBTY3JpYmJsZXMgdW5pdmVyc2UuPC9wPjxwPlRoaXMgYm9vayBoYXMgMjAgYnJhbmQgbmV3LCBu
ZXZlciBiZWZvcmUgc2VlbiBjb21pY3MgYW5kIGlzIHRoZSBmaXJzdCBib29rIHRvIGNvbWUgd2l0
aCBhIHN0aWNrZXIgc2V0IHdoaWNoIHlvdSBjYW4gc2VlIGFib3ZlLjwvcD48cD5JIGxvdmUgdGhp
cyBib29rIHNvIG11Y2ggYW5kIEkgaG9wZSB5b3UgbG92ZSBpdCB0b28hIFN0YXkgb2RkIDwzPC9w
Pgo8L2Rpdj4KPGRpdiBjbGFzcz0iZm9vdGVyIj4KPHA+VVJMOiA8YSBocmVmPSJodHRwczovL3Nh
cmFoY2FuZGVyc2VuLmNvbS9wb3N0LzY2NDExMjUxMDk5ODM5NjkyOCI+aHR0cHM6Ly9zYXJhaGNh
bmRlcnNlbi5jb20vcG9zdC82NjQxMTI1MTA5OTgzOTY5Mjg8L2E+PC9wPgo8L2Rpdj4KPC9kaXY+
CjwvYm9keT4KPC9odG1sPgo=


SENT BY: "Sarah's Scribbles: <author>" <user@rss2email.invalid>
MIME-Version: 1.0
Content-Type: text/html; charset="us-ascii"
Content-Transfer-Encoding: 7bit
From: "Sarah's Scribbles: <author>" <user@rss2email.invalid>
To: a@b.com
Subject: Photo
Date: Wed, 13 Oct 2021 14:30:52 -0000
Message-ID: <...@dev.null.invalid>
User-Agent: rss2email/...
List-ID: <test.localhost>
List-Post: NO (posting not allowed on this list)
X-RSS-Feed: data/tumblr/feed.rss
X-RSS-ID: https://sarahcandersen.com/post/664939216606773248
X-RSS-URL: https://sarahcandersen.com/post/664939216606773248
X-RSS-TAGS: LOL,comics,Sarah Andersen

<!DOCTYPE html>
<html>
  <head>
</head>
<body dir="auto">
<div class="entry" id="entry">
<h1 class="header"><a href="https://sarahcandersen.com/post/664939216606773248">Photo</a></h1>
<div class="body" id="body">
<img src="https://64.media.tumblr.com/2b701c0eaa95f010d9db9d95acc3e8a1/8cc383102ffe2f0b-bd/s500x750/17f8d821fea802b8ab357658f199064821cf4ad8.jpg" /><br /><br />
</div>
<div class="footer">
<p>URL: <a href="https://sarahcandersen.com/post/664939216606773248">https://sarahcandersen.com/post/664939216606773248</a></p>
</div>
</div>
</body>
</html>


SENT BY: "Sarah's Scribbles: <author>" <user@rss2email.invalid>
MIME-Version: 1.0
Content-Type: text/html; charset="utf-8"
Content-Transfer-Encoding: base64
From: "Sarah's Scribbles: <author>" <user@rss2email.invalid>
To: a@b.com
Subject: sarahseeandersen:I am so excited to announce the debut of my new...
Date: Fri, 15 Oct 2021 22:18:47 -0000
Message-ID: <...@dev.null.invalid>
User-Agent: rss2email/...
List-ID: <test.localhost>
List-Post: NO (posting not allowed on this list)
X-RSS-Feed: data/tumblr/feed.rss
X-RSS-ID: https://sarahcandersen.com/post/665149849392611328
X-RSS-URL: https://sarahcandersen.com/post/665149849392611328

PCFET0NUWVBFIGh0bWw+CjxodG1sPgogIDxoZWFkPgo8L2hlYWQ+Cjxib2R5IGRpcj0iYXV0byI+
CjxkaXYgY2xhc3M9ImVudHJ5IiBpZD0iZW50cnkiPgo8aDEgY2xhc3M9ImhlYWRlciI+PGEgaHJl
Zj0iaHR0cHM6Ly9zYXJhaGNhbmRlcnNlbi5jb20vcG9zdC82NjUxNDk4NDkzOTI2MTEzMjgiPnNh
cmFoc2VlYW5kZXJzZW46SSBhbSBzbyBleGNpdGVkIHRvIGFubm91bmNlIHRoZSBkZWJ1dCBvZiBt
eSBuZXcuLi48L2E+PC9oMT4KPGRpdiBjbGFzcz0iYm9keSIgaWQ9ImJvZHkiPgo8aW1nIHNyYz0i
aHR0cHM6Ly82NC5tZWRpYS50dW1ibHIuY29tLzk0YTA1OWJjNzNiYzZkY2JjY2NiNTdjN2JkMTky
Y2RiLzk3YzM4YTY1ZWNmYzI2NGMtOGMvczUwMHg3NTAvN2FkYjMwYmU5YjM3ZTJjYWZmZWNhYzcy
MDFiNTI0MjYzYTQ4Nzk4Mi5qcGciIC8+PGJyIC8+IDxiciAvPjxpbWcgc3JjPSJodHRwczovLzY0
Lm1lZGlhLnR1bWJsci5jb20vNDg0MDc3ZjdiN2Y4YWE3YTcyZTMxM2RmMDJhYzY5ZTgvOTdjMzhh
NjVlY2ZjMjY0Yy0wMi9zNTAweDc1MC9kYjc3ZmYwYWIyMGM4Yjg4Nzg0MjI4NTI0YmJjYzU3YzJm
ZmEyMTk2LmpwZyIgLz48YnIgLz4gPGJyIC8+PGltZyBzcmM9Imh0dHBzOi8vNjQubWVkaWEudHVt
YmxyLmNvbS82ZmIwMWUzODhhNjEwMzc4OTU2MGQxMGU0NGE0NDAzMy85N2MzOGE2NWVjZmMyNjRj
LTBkL3M1MDB4NzUwLzA5ZDU5ZGM5MzkxYmVhZmNlYjRmYzMyYzE5ZjgyMGVhYTNhYjdjZTYuanBn
IiAvPjxiciAvPiA8YnIgLz48aW1nIHNyYz0iaHR0cHM6Ly82NC5tZWRpYS50dW1ibHIuY29tLzNj
NjI4NDZkZjU4MTUzMDU0YzYxYzFhZmZmZTcyYWY3Lzk3YzM4YTY1ZWNmYzI2NGMtOWQvczUwMHg3
NTAvOTljZDdiNTJjY2ZhYmM4MDRjMGE0YmU0OTdhZmQ5YjljYzFkNzM5Ni5qcGciIC8+PGJyIC8+
IDxiciAvPjxpbWcgc3JjPSJodHRwczovLzY0Lm1lZGlhLnR1bWJsci5jb20vMmE5M2VhZTU0ZjE4
YzQ2ZDAwNGZjNjZjNzA3M2Q1ZDcvOTdjMzhhNjVlY2ZjMjY0Yy02Yi9zNTAweDc1MC9mYTZjZTVh
Njc0ZTA4MTdiZjQ4ZDZiZmMyNjJlYTgwMDIzNDc4ZjJkLmpwZyIgLz48YnIgLz4gPGJyIC8+PHA+
PGEgY2xhc3M9InR1bWJscl9ibG9nIiBocmVmPSJodHRwczovL3NhcmFoY2FuZGVyc2VuLmNvbS9w
b3N0LzY2MzEzMzA1MDA5MTI5MDYyNC9pLWFtLXNvLWV4Y2l0ZWQtdG8tYW5ub3VuY2UtdGhlLWRl
YnV0LW9mLW15LW5ldyI+c2FyYWhzZWVhbmRlcnNlbjwvYT46PC9wPjxibG9ja3F1b3RlPjxwPkkg
YW0gc28gZXhjaXRlZCB0byBhbm5vdW5jZSB0aGUgZGVidXQgb2YgbXkgbmV3IHNlcmllcywgQ3J5
cHRpZCBDbHViISBFdmVyIHNpbmNlIEkgd2FzIGEga2lkIEnigJl2ZSBsb3ZlZCB0aGUgbXlzdGVy
eSBhbmQgbG9yZSBzdXJyb3VuZGluZyB0aGVzZSBjcmVhdHVyZXMgYW5kIHRoaXMgd2FzIG15IGNo
YW5jZSB0byBnZXQgdG8ga25vdyB0aGVtIGEgYml0IGJldHRlci48YnIgLz48L3A+PHA+RmluZCB0
aGUgc2VyaWVzIGFsbCBhY3Jvc3MgdGhlIHdlYiE8L3A+PHA+PGEgaHJlZj0iaHR0cHM6Ly90d2l0
dGVyLmNvbS9jbHViX2NyeXB0aWQiPlR3aXR0ZXI8L2E+PC9wPjxwPjxhIGhyZWY9Imh0dHBzOi8v
aW5zdGFncmFtLmNvbS9jbHViLmNyeXB0aWQvIj5JbnN0YWdyYW08L2E+PC9wPjxwPjxhIGhyZWY9
Imh0dHBzOi8vZmFjZWJvb2suY29tL2NsdWJjcnlwdGlkIj5GYWNlYm9vazwvYT48L3A+PHA+PGEg
aHJlZj0iaHR0cHM6Ly90YXBhcy5pby9zZXJpZXMvY2x1Yl9jcnlwdGlkIj5UYXBhc3RpYzwvYT48
L3A+PHA+PGEgaHJlZj0iaHR0cHM6Ly9iaXQubHkvM3U5dkRMbyI+V2VidG9vbjwvYT48L3A+PHA+
PGEgaHJlZj0iaHR0cHM6Ly9jbHViLWNyeXB0aWQtYnktc2FyYWgudHVtYmxyLmNvbS8iPlR1bWJs
cjwvYT48L3A+PHA+VXBkYXRlcyBldmVyeSBUdWVzZGF5IGFuZCBUaHVyc2RheSE8L3A+PC9ibG9j
a3F1b3RlPgo8cD48Yj5SZWJsb2cgYmVjYXVzZSBJIHdhcyBhYmxlIHRvIGZpeCB0aGUgY29sb3Jz
IGFuZCBJIGFsc28gbWFkZSBhIFQ8YSBocmVmPSJodHRwczovL2NsdWItY3J5cHRpZC1ieS1zYXJh
aC50dW1ibHIuY29tLyI+dW1ibHIgPC9hPmZvciB0aGlzIHNlcmllcyEgSG9wZSB5b3UgZ3V5cyBh
cmUgZW5qb3lpbmcgPDM8L2I+PC9wPgo8L2Rpdj4KPGRpdiBjbGFzcz0iZm9vdGVyIj4KPHA+VVJM
OiA8YSBocmVmPSJodHRwczovL3NhcmFoY2FuZGVyc2VuLmNvbS9wb3N0LzY2NTE0OTg0OTM5MjYx
MTMyOCI+aHR0cHM6Ly9zYXJhaGNhbmRlcnNlbi5jb20vcG9zdC82NjUxNDk4NDkzOTI2MTEzMjg8
L2E+PC9wPgo8L2Rpdj4KPC9kaXY+CjwvYm9keT4KPC9odG1sPgo=


SENT BY: "Sarah's Scribbles: <author>" <user@rss2email.invalid>
MIME-Version: 1.0
Content-Type: text/html; charset="us-ascii"
Content-Transfer-Encoding: 7bit
From: "Sarah's Scribbles: <author>" <user@rss2email.invalid>
To: a@b.com
Subject: Photo
Date: Sat, 16 Oct 2021 14:30:59 -0000
Message-ID: <...@dev.null.invalid>
User-Agent: rss2email/...
List-ID: <test.localhost>
List-Post: NO (posting not allowed on this list)
X-RSS-Feed: data/tumblr/feed.rss
X-RSS-ID: https://sarahcandersen.com/post/665211014130892800
X-RSS-URL: https://sarahcandersen.com/post/665211014130892800
X-RSS-TAGS: LOL,comics,Sarah Andersen

<!DOCTYPE html>
<html>
  <head>
</head>
<body dir="auto">
<div class="entry" id="entry">
<h1 class="header"><a href="https://sarahcandersen.com/post/665211014130892800">Photo</a></h1>
<div class="body" id="body">
<img src="https://64.media.tumblr.com/fb381b4a37fb4f94345410aaff747f43/03fb586a2b063044-7f/s500x750/2fef538c45d7944da56c375dced620935940f0b0.jpg" /><br /><br />
</div>
<div class="footer">
<p>URL: <a href="https://sarahcandersen.com/post/665211014130892800">https://sarahcandersen.com/post/665211014130892800</a></p>
</div>
</div>
</body>
</html>


SENT BY: "Sarah's Scribbles: <author>" <user@rss2email.invalid>
MIME-Version: 1.0
Content-Type: text/html; charset="us-ascii"
Content-Transfer-Encoding: 7bit
From: "Sarah's Scribbles: <author>" <user@rss2email.invalid>
To: a@b.com
Subject: Photo
Date: Wed, 20 Oct 2021 14:30:33 -0000
Message-ID: <...@dev.null.invalid>
User-Agent: rss2email/...
List-ID: <test.localhost>
List-Post: NO (posting not allowed on this list)
X-RSS-Feed: data/tumblr/feed.rss
X-RSS-ID: https://sarahcandersen.com/post/665573374865653760
X-RSS-URL: https://sarahcandersen.com/post/665573374865653760
X-RSS-TAGS: LOL,comics,Sarah Andersen

<!DOCTYPE html>
<html>
  <head>
</head>
<body dir="auto">
<div class="entry" id="entry">
<h1 class="header"><a href="https://sarahcandersen.com/post/665573374865653760">Photo</a></h1>
<div class="body" id="body">
<img src="https://64.media.tumblr.com/e4c02786c261b18fc5717b1f3eb65c3b/0152dc5e9542aac6-71/s500x750/334734aaa3f7fb6747c7fecdf632697f12356006.jpg" /><br /><br />
</div>
<div class="footer">
<p>URL: <a href="https://sarahcandersen.com/post/665573374865653760">https://sarahcandersen.com/post/665573374865653760</a></p>
</div>
</div>
</body>
</html>


SENT BY: "Sarah's Scribbles: <author>" <user@rss2email.invalid>
MIME-Version: 1.0
Content-Type: text/html; charset="us-ascii"
Content-Transfer-Encoding: 7bit
From: "Sarah's Scribbles: <author>" <user@rss2email.invalid>
To: a@b.com
Subject: Photo
Date: Sat, 23 Oct 2021 14:30:39 -0000
Message-ID: <...@dev.null.invalid>
User-Agent: rss2email/...
List-ID: <test.localhost>
List-Post: NO (posting not allowed on this list)
X-RSS-Feed: data/tumblr/feed.rss
X-RSS-ID: https://sarahcandersen.com/post/665845171828752386
X-RSS-URL: https://sarahcandersen.com/post/665845171828752386
X-RSS-TAGS: LOL,comics,Sarah Andersen

<!DOCTYPE html>
<html>
  <head>
</head>
<body dir="auto">
<div class="entry" id="entry">
<h1 class="header"><a href="https://sarahcandersen.com/post/665845171828752386">Photo</a></h1>
<div class="body" id="body">
<img src="https://64.media.tumblr.com/4227263407263420828f029f2bece80f/7da0fed164feb288-db/s500x750/4993577d0a19f6803ff3ad729a1c94fccf186658.jpg" /><br /><br />
</div>
<div class="footer">
<p>URL: <a href="https://sarahcandersen.com/post/665845171828752386">https://sarahcandersen.com/post/665845171828752386</a></p>
</div>
</div>
</body>
</html>


SENT BY: "Sarah's Scribbles: <author>" <user@rss2email.invalid>
MIME-Version: 1.0
Content-Type: text/html; charset="utf-8"
Content-Transfer-Encoding: base64
From: "Sarah's Scribbles: <author>" <user@rss2email.invalid>
To: a@b.com
Subject: sarahseeandersen:Hi friends!I am so happy to announce that my...
Date: Mon, 25 Oct 2021 21:51:14 -0000
Message-ID: <...@dev.null.invalid>
User-Agent: rss2email/...
List-ID: <test.localhost>
List-Post: NO (posting not allowed on this list)
X-RSS-Feed: data/tumblr/feed.rss
X-RSS-ID: https://sarahcandersen.com/post/666054085676580864
X-RSS-URL: https://sarahcandersen.com/post/666054085676580864

PCFET0NUWVBFIGh0bWw+CjxodG1sPgogIDxoZWFkPgo8L2hlYWQ+Cjxib2R5IGRpcj0iYXV0byI+
CjxkaXYgY2xhc3M9ImVudHJ5IiBpZD0iZW50cnkiPgo8aDEgY2xhc3M9ImhlYWRlciI+PGEgaHJl
Zj0iaHR0cHM6Ly9zYXJhaGNhbmRlcnNlbi5jb20vcG9zdC82NjYwNTQwODU2NzY1ODA4NjQiPnNh
cmFoc2VlYW5kZXJzZW46SGkgZnJpZW5kcyFJIGFtIHNvIGhhcHB5IHRvIGFubm91bmNlIHRoYXQg
bXkuLi48L2E+PC9oMT4KPGRpdiBjbGFzcz0iYm9keSIgaWQ9ImJvZHkiPgo8aW1nIHNyYz0iaHR0
cHM6Ly82NC5tZWRpYS50dW1ibHIuY29tLzM0OTgyY2UyMGM3M2YwMTJmYThkYmI5NTQ4NDJkYTA1
LzhkMDFhMDM1MTgyMmU5MmQtMmQvczUwMHg3NTAvZmM5OWUzM2U2NmUxYTI0YWQ2NTEyZTQ3Njgz
MDYxYTJjNjU3ODYxMy5naWZ2IiAvPjxiciAvPiA8YnIgLz48aW1nIHNyYz0iaHR0cHM6Ly82NC5t
ZWRpYS50dW1ibHIuY29tLzliYjRiY2EzZjYzZDkzNzRjMjY2N2FhZDk5ZmIwNGEzLzhkMDFhMDM1
MTgyMmU5MmQtOGMvczUwMHg3NTAvMDVlNjFiN2RhZDRkNTJjNTJjNjkwMDJmMDA5OWQyZGUzNWQz
MzcwNi5qcGciIC8+PGJyIC8+IDxiciAvPjxpbWcgc3JjPSJodHRwczovLzY0Lm1lZGlhLnR1bWJs
ci5jb20vYjMwNjA1ZGI4YzEzOWIxNzJlMTc2NWY3MjllZTJkMjIvOGQwMWEwMzUxODIyZTkyZC00
NC9zNTAweDc1MC80ZmVjYmU4ZWYyODUxNTQ5ZDk4MDdmMDRhMzkyNzBmYjVmYjgwNmE3LmpwZyIg
Lz48YnIgLz4gPGJyIC8+PGltZyBzcmM9Imh0dHBzOi8vNjQubWVkaWEudHVtYmxyLmNvbS85YmEw
MWYyNTgxYzFhYmI1ZGMyMTA1MDQzMzQ1Njc4Ni84ZDAxYTAzNTE4MjJlOTJkLTBiL3M1MDB4NzUw
L2RhNmU0YmIzZDUwMDg4YTk0YTRjNTI0Y2U1OTY3YzA1ZjIwY2IyZDMuanBnIiAvPjxiciAvPiA8
YnIgLz48cD48YSBjbGFzcz0idHVtYmxyX2Jsb2ciIGhyZWY9Imh0dHBzOi8vc2FyYWhjYW5kZXJz
ZW4uY29tL3Bvc3QvNjY0MTEyNTEwOTk4Mzk2OTI4L2hpLWZyaWVuZHMtaS1hbS1zby1oYXBweS10
by1hbm5vdW5jZS10aGF0LW15Ij5zYXJhaHNlZWFuZGVyc2VuPC9hPjo8L3A+PGJsb2NrcXVvdGU+
PHA+SGkgZnJpZW5kcyE8L3A+PHA+SSBhbSBzbyBoYXBweSB0byBhbm5vdW5jZSB0aGF0IG15IGxh
dGVzdCBib29rLCDigJxPZGRiYWxs4oCdLCBpcyBvdXQgZm9yIHByZW9yZGVyIHRvZGF5LiBUaGUg
b2ZmaWNpYWwgcmVsZWFzZSBkYXRlIGlzIE5vdmVtYmVyIDMwdGguIENoZWNrIGl0IG91dCA8YSBo
cmVmPSJodHRwczovL3B1Ymxpc2hpbmcuYW5kcmV3c21jbWVlbC5jb20vYm9vay9vZGRiYWxsLyI+
aGVyZTwvYT4hPC9wPjxwPlRoaXMgaXMgdGhlIGZvdXJ0aCBTYXJhaOKAmXMgU2NyaWJibGVzIGJv
b2ssIGFuZCB3aXRoIHRoaXMgY29sbGVjdGlvbiBJIHJldHVybiB0byB0aGUgb3JpZ2luYWwgZm9y
bWF0IG9mIG15IGZpcnN0IGJvb2ssIOKAnEFkdWx0aG9vZCBpcyBhIE15dGjigJ0uIFRoYXQgbWVh
bnMgdGhhdCB0aGlzIGJvb2sgaXMgbWFkZSB1cCBlbnRpcmVseSBvZiBzaG9ydCBmb3JtIGNvbWlj
cy4g4oCcT2RkYmFsbOKAnSBleHBsb3JlcyB0aGUgc3RyYW5nZTsgSSB3b3JrZWQgd2l0aCBjaGFy
YWN0ZXJzIGxpa2UgTWVkdXNhLCBEcmFjdWxhLCBhbmQgZXZlbiBiaWJsaWNhbGx5IGFjY3VyYXRl
IGFuZ2VscyB0byB0ZWxsIGpva2VzIGluIGEgbmV3IGxpZ2h0IHdpdGhpbiB0aGUgU2FyYWjigJlz
IFNjcmliYmxlcyB1bml2ZXJzZS48L3A+PHA+VGhpcyBib29rIGhhcyAyMCBicmFuZCBuZXcsIG5l
dmVyIGJlZm9yZSBzZWVuIGNvbWljcyBhbmQgaXMgdGhlIGZpcnN0IGJvb2sgdG8gY29tZSB3aXRo
IGEgc3RpY2tlciBzZXQgd2hpY2ggeW91IGNhbiBzZWUgYWJvdmUuPC9wPjxwPkkgbG92ZSB0aGlz
IGJvb2sgc28gbXVjaCBhbmQgSSBob3BlIHlvdSBsb3ZlIGl0IHRvbyEgU3RheSBvZGQgPDM8L3A+
PC9ibG9ja3F1b3RlPgo8cD48Yj5Tb21lIG5ld3PigJNEdWUgdG8gQ09WSUQgcmVsYXRlZCBzaGlw
cGluZyBkZWxheXMsIE9kZGJhbGzigJlzIHJlbGVhc2UgZGF0ZSBoYXMgYmVlbiBtb3ZlZCBmcm9t
IE5vdiAzMHRoIHRvIERlYyA3dGguIFVuZm9ydHVuYXRlbHkgd2UgY291bGRu4oCZdCBkbyBhbnl0
aGluZyB0byBwcmV2ZW50IG9yIGNoYW5nZSB0aGUgZGVsYXkgYW5kIHdl4oCZcmUgc28gc29ycnkg
dG8gbWFrZSB5b3Ugd2FpdCBhIGJpdCBtb3JlIcKgPC9iPjxiciAvPjwvcD4KPC9kaXY+CjxkaXYg
Y2xhc3M9ImZvb3RlciI+CjxwPlVSTDogPGEgaHJlZj0iaHR0cHM6Ly9zYXJhaGNhbmRlcnNlbi5j
b20vcG9zdC82NjYwNTQwODU2NzY1ODA4NjQiPmh0dHBzOi8vc2FyYWhjYW5kZXJzZW4uY29tL3Bv
c3QvNjY2MDU0MDg1Njc2NTgwODY0PC9hPjwvcD4KPC9kaXY+CjwvZGl2Pgo8L2JvZHk+CjwvaHRt
bD4K


SENT BY: "Sarah's Scribbles: <author>" <user@rss2email.invalid>
MIME-Version: 1.0
Content-Type: text/html; charset="us-ascii"
Content-Transfer-Encoding: 7bit
From: "Sarah's Scribbles: <author>" <user@rss2email.invalid>
To: a@b.com
Subject: A little trailer for Oddball! Preorder here.
Date: Tue, 26 Oct 2021 16:46:21 -0000
Message-ID: <...@dev.null.invalid>
User-Agent: rss2email/...
List-ID: <test.localhost>
List-Post: NO (posting not allowed on this list)
X-RSS-Feed: data/tumblr/feed.rss
X-RSS-ID: https://sarahcandersen.com/post/666125500611215360
X-RSS-URL: https://sarahcandersen.com/post/666125500611215360

<!DOCTYPE html>
<html>
  <head>
</head>
<body dir="auto">
<div class="entry" id="entry">
<h1 class="header"><a href="https://sarahcandersen.com/post/666125500611215360">A little trailer for Oddball! Preorder here.</a></h1>
<div class="body" id="body">
<video class="crt-video crt-skin-default" controls="controls" height="225" id="embed-618453952f1c3247147443" poster="https://64.media.tumblr.com/tumblr_r1lfpiiTtc1qiuieb_smart1.jpg" preload="none" width="400">
    <source src="https://va.media.tumblr.com/tumblr_r1lfpiiTtc1qiuieb_480.mp4" type="video/mp4" />
</video>
<br /><br /><p>A little trailer for Oddball! Preorder <a href="https://publishing.andrewsmcmeel.com/book/oddball/">here</a>.<br /></p>
</div>
<div class="footer">
<p>URL: <a href="https://sarahcandersen.com/post/666125500611215360">https://sarahcandersen.com/post/666125500611215360</a></p>
</div>
</div>
</body>
</html>


SENT BY: "Sarah's Scribbles: <author>" <user@rss2email.invalid>
MIME-Version: 1.0
Content-Type: text/html; charset="us-ascii"
Content-Transfer-Encoding: 7bit
From: "Sarah's Scribbles: <author>" <user@rss2email.invalid>
To: a@b.com
Subject: Photo
Date: Wed, 27 Oct 2021 14:30:44 -0000
Message-ID: <...@dev.null.invalid>
User-Agent: rss2email/...
List-ID: <test.localhost>
List-Post: NO (posting not allowed on this list)
X-RSS-Feed: data/tumblr/feed.rss
X-RSS-ID: https://sarahcandersen.com/post/666207564872171520
X-RSS-URL: https://sarahcandersen.com/post/666207564872171520

<!DOCTYPE html>
<html>
  <head>
</head>
<body dir="auto">
<div class="entry" id="entry">
<h1 class="header"><a href="https://sarahcandersen.com/post/666207564872171520">Photo</a></h1>
<div class="body" id="body">
<img src="https://64.media.tumblr.com/416d6f58ef1b455b2b600db64696223f/f5c1d607b76faa43-50/s500x750/985695ef255910cb7bf49c14c5941fdb57c0adfa.jpg" /><br /><br />
</div>
<div class="footer">
<p>URL: <a href="https://sarahcandersen.com/post/666207564872171520">https://sarahcandersen.com/post/666207564872171520</a></p>
</div>
</div>
</body>
</html>


SENT BY: "Sarah's Scribbles: <author>" <user@rss2email.invalid>
MIME-Version: 1.0
Content-Type: text/html; charset="us-ascii"
Content-Transfer-Encoding: 7bit
From: "Sarah's Scribbles: <author>" <user@rss2email.invalid>
To: a@b.com
Subject: Photo
Date: Sat, 30 Oct 2021 14:30:30 -0000
Message-ID: <...@dev.null.invalid>
User-Agent: rss2email/...
List-ID: <test.localhost>
List-Post: NO (posting not allowed on this list)
X-RSS-Feed: data/tumblr/feed.rss
X-RSS-ID: https://sarahcandersen.com/post/666479341239156736
X-RSS-URL: https://sarahcandersen.com/post/666479341239156736
X-RSS-TAGS: LOL,comics,Sarah Andersen

<!DOCTYPE html>
<html>
  <head>
</head>
<body dir="auto">
<div class="entry" id="entry">
<h1 class="header"><a href="https://sarahcandersen.com/post/666479341239156736">Photo</a></h1>
<div class="body" id="body">
<img src="https://64.media.tumblr.com/f8892e62e2f25b1a555551456f3c2fc7/3b6633d8646014f1-84/s500x750/bc6673d2b4bb75c3d18584ca6d9f8605cbd1feee.jpg" /><br /><br />
</div>
<div class="footer">
<p>URL: <a href="https://sarahcandersen.com/post/666479341239156736">https://sarahcandersen.com/post/666479341239156736</a></p>
</div>
</div>
</body>
</html>


SENT BY: "Sarah's Scribbles: <author>" <user@rss2email.invalid>
MIME-Version: 1.0
Content-Type: text/html; charset="us-ascii"
Content-Transfer-Encoding: 7bit
From: "Sarah's Scribbles: <author>" <user@rss2email.invalid>
To: a@b.com
Subject: Photo
Date: Wed, 03 Nov 2021 14:30:46 -0000
Message-ID: <...@dev.null.invalid>
User-Agent: rss2email/...
List-ID: <test.localhost>
List-Post: NO (posting not allowed on this list)
X-RSS-Feed: data/tumblr/feed.rss
X-RSS-ID: https://sarahcandersen.com/post/666841746512150528
X-RSS-URL: https://sarahcandersen.com/post/666841746512150528
X-RSS-TAGS: LOL,comics,Sarah Andersen

<!DOCTYPE html>
<html>
  <head>
</head>
<body dir="auto">
<div class="entry" id="entry">
<h1 class="header"><a href="https://sarahcandersen.com/post/666841746512150528">Photo</a></h1>
<div class="body" id="body">
<img src="https://64.media.tumblr.com/f01fb1d5b696debba48a685cc5e08435/0e8ee75ddaae42d7-a3/s500x750/7364bb49382dfa02dbdd9c26fffda9044805ce96.jpg" /><br /><br />
</div>
<div class="footer">
<p>URL: <a href="https://sarahcandersen.com/post/666841746512150528">https://sarahcandersen.com/post/666841746512150528</a></p>
</div>
</div>
</body>
</html>

